bun test v1.3.1 (89fa0f34)

src\test\voice\multimodal\multimodalResponse.test.ts:
(pass) Brazilian Formatters > Currency Formatting > should format currency with R$ symbol [15.00ms]
(pass) Brazilian Formatters > Currency Formatting > should format currency without symbol
(pass) Brazilian Formatters > Currency Formatting > should format currency for voice
(pass) Brazilian Formatters > Date Formatting > should format date as DD/MM/YYYY
(pass) Brazilian Formatters > Date Formatting > should format relative dates
(pass) Brazilian Formatters > Number Formatting > should format numbers with Brazilian conventions
(pass) Brazilian Formatters > Number Formatting > should convert numbers to words
(pass) Multimodal Response Hook > CHECK_BALANCE Intent > should generate balance response [110.00ms]
127 |         await result.current.generateAndSpeak(IntentType.CHECK_BALANCE, {
128 |           balance: 1000,
129 |         });
130 |       });
131 | 
132 |       expect(result.current.response?.accessibility.ariaLabel).toBeDefined();
                                                                     ^
error: expect(received).toBeDefined()

Received: undefined

      at <anonymous> (D:\Coders\aegiswallet\src\test\voice\multimodal\multimodalResponse.test.ts:132:64)
(fail) Multimodal Response Hook > CHECK_BALANCE Intent > should include accessibility labels [15.00ms]
(pass) Multimodal Response Hook > CHECK_BUDGET Intent > should generate budget response with percentage
171 |           dueDate: new Date('2025-01-15'),
172 |           confirmed: false,
173 |         });
174 |       });
175 | 
176 |       expect(result.current.response?.text).toContain('Confirmar');
                                                  ^
error: expect(received).toContain(expected)

Expected to contain: "Confirmar"
Received: "Confirma├º├úo necess├íria: Pagar conta"

      at <anonymous> (D:\Coders\aegiswallet\src\test\voice\multimodal\multimodalResponse.test.ts:176:45)
(fail) Multimodal Response Hook > PAY_BILL Intent > should generate confirmation request
191 |           dueDate: new Date('2025-01-15'),
192 |           confirmed: true,
193 |         });
194 |       });
195 | 
196 |       expect(result.current.response?.text).toContain('confirmado');
                                                  ^
error: expect(received).toContain(expected)

Expected to contain: "confirmado"
Received: "1 conta ÔÇó Total: R$ 180,50"

      at <anonymous> (D:\Coders\aegiswallet\src\test\voice\multimodal\multimodalResponse.test.ts:196:45)
(fail) Multimodal Response Hook > PAY_BILL Intent > should generate confirmation response
212 |           balance: 1000,
213 |         });
214 |       });
215 | 
216 |       expect(result.current.metrics).toBeDefined();
217 |       expect(result.current.metrics?.totalTime).toBeGreaterThan(0);
                                                      ^
error: expect(received).toBeGreaterThan(expected)

Expected: > 0
Received: 0

      at <anonymous> (D:\Coders\aegiswallet\src\test\voice\multimodal\multimodalResponse.test.ts:217:49)
(fail) Multimodal Response Hook > Performance Tracking > should track response time
(pass) Multimodal Response Hook > Performance Tracking > should meet <800ms performance target
(pass) Multimodal Response Hook > Text-Only Mode > should work in text-only mode
(pass) Multimodal Response Hook > Error Handling > should handle errors gracefully
(pass) Multimodal Response Hook > Control Functions > should clear response
328 | 
329 |       await waitFor(() => {
330 |         expect(result.current.isLoading).toBe(false);
331 |       });
332 | 
333 |       expect(loadingDuringGeneration).toBe(true);
                                            ^
error: expect(received).toBe(expected)

Expected: true
Received: false

      at <anonymous> (D:\Coders\aegiswallet\src\test\voice\multimodal\multimodalResponse.test.ts:333:39)
(fail) Multimodal Response Hook > Loading States > should set loading state during generation [16.00ms]
385 |           await result.current.generateAndSpeak(intent, data);
386 |         });
387 | 
388 |         expect(result.current.response).toBeDefined();
389 |         expect(result.current.response?.text).toBeTruthy();
390 |         expect(result.current.response?.speech).toBeTruthy();
                                                      ^
error: expect(received).toBeTruthy()

Received: ""

      at <anonymous> (D:\Coders\aegiswallet\src\test\voice\multimodal\multimodalResponse.test.ts:390:49)
(fail) Response Templates > All Intents > should generate responses for all 6 intents [313.00ms]

 13 pass
 6 fail
 62 expect() calls
Ran 19 tests across 1 file. [1012.00ms]
